#-----------------------------------------------------------
# Webtalk v2017.4 (64-bit)
# SW Build 2086221 on Fri Dec 15 20:54:30 MST 2017
# IP Build 2085800 on Fri Dec 15 22:25:07 MST 2017
# Start of session at: Wed May 20 11:45:06 2020
# Process ID: 12051
# Current directory: /opt/gitrepos/xilinx/zedboard/projects/test/minimal_example/project_1.sim/sim_1/behav/xsim
# Command line: wbtcv -mode batch -source /opt/gitrepos/xilinx/zedboard/projects/test/minimal_example/project_1.sim/sim_1/behav/xsim/xsim.dir/my_and_gate_tb_behav/webtalk/xsim_webtalk.tcl -notrace
# Log file: /opt/gitrepos/xilinx/zedboard/projects/test/minimal_example/project_1.sim/sim_1/behav/xsim/webtalk.log
# Journal file: /opt/gitrepos/xilinx/zedboard/projects/test/minimal_example/project_1.sim/sim_1/behav/xsim/webtalk.jou
#-----------------------------------------------------------
source /opt/gitrepos/xilinx/zedboard/projects/test/minimal_example/project_1.sim/sim_1/behav/xsim/xsim.dir/my_and_gate_tb_behav/webtalk/xsim_webtalk.tcl -notrace
